MSBuild version 18.8.2+ce25c0108 for .NET Framework

  1>Checking Build System
  Building Custom Rule D:/a/Map-editor/Map-editor/CMakeLists.txt
  about_window.cpp
D:\a\Map-editor\Map-editor\source\about_window.cpp(176,18): error C2039: 'format': is not a member of 'fmt' [D:\a\Map-editor\Map-editor\build\rme.vcxproj]
      C:\vcpkg\installed\x64-windows\include\fmt\base.h(308,1):
      see declaration of 'fmt'
  
D:\a\Map-editor\Map-editor\source\about_window.cpp(176,18): error C3861: 'format': identifier not found [D:\a\Map-editor\Map-editor\build\rme.vcxproj]
D:\a\Map-editor\Map-editor\source\about_window.cpp(176,2): error C2593: 'operator =' is ambiguous [D:\a\Map-editor\Map-editor\build\rme.vcxproj]
      C:\Program Files\Microsoft Visual Studio\18\Enterprise\VC\Tools\MSVC\14.51.36231\include\xstring(1503,32):
      could be 'std::basic_string<char,std::char_traits<char>,std::allocator<char>> &std::basic_string<char,std::char_traits<char>,std::allocator<char>>::operator =(const _Elem)'
          with
          [
              _Elem=char
          ]
      C:\Program Files\Microsoft Visual Studio\18\Enterprise\VC\Tools\MSVC\14.51.36231\include\xstring(1495,32):
      or       'std::basic_string<char,std::char_traits<char>,std::allocator<char>> &std::basic_string<char,std::char_traits<char>,std::allocator<char>>::operator =(const _Elem *const )'
          with
          [
              _Elem=char
          ]
      C:\Program Files\Microsoft Visual Studio\18\Enterprise\VC\Tools\MSVC\14.51.36231\include\xstring(1444,32):
      or       'std::basic_string<char,std::char_traits<char>,std::allocator<char>> &std::basic_string<char,std::char_traits<char>,std::allocator<char>>::operator =(const std::basic_string<char,std::char_traits<char>,std::allocator<char>> &)'
      C:\Program Files\Microsoft Visual Studio\18\Enterprise\VC\Tools\MSVC\14.51.36231\include\xstring(1395,32):
      or       'std::basic_string<char,std::char_traits<char>,std::allocator<char>> &std::basic_string<char,std::char_traits<char>,std::allocator<char>>::operator =(std::initializer_list<_Elem>)'
          with
          [
              _Elem=char
          ]
      C:\Program Files\Microsoft Visual Studio\18\Enterprise\VC\Tools\MSVC\14.51.36231\include\xstring(1274,32):
      or       'std::basic_string<char,std::char_traits<char>,std::allocator<char>> &std::basic_string<char,std::char_traits<char>,std::allocator<char>>::operator =(std::basic_string<char,std::char_traits<char>,std::allocator<char>> &&) noexcept(<expr>)'
      D:\a\Map-editor\Map-editor\source\about_window.cpp(176,2):
      while trying to match the argument list '(std::string, <error>)'
  
  action.cpp
  actions_history_window.cpp
  application.cpp
  artprovider.cpp
  basemap.cpp
  brush.cpp
  brush_tables.cpp
  browse_tile_window.cpp
  positionctrl.cpp
  carpet_brush.cpp
  client_version.cpp
  common.cpp
  common_windows.cpp
  complexitem.cpp
  container_properties_window.cpp
  copybuffer.cpp
  creature_brush.cpp
  creature.cpp
  creatures.cpp
  Generating Code...
  Compiling...
  dat_debug_view.cpp
  dcbutton.cpp
  doodad_brush.cpp
  duplicated_items_window.cpp
  editor.cpp
  editor_tabs.cpp
  eraser_brush.cpp
  extension.cpp
  extension_window.cpp
  find_item_window.cpp
  filehandle.cpp
  graphics.cpp
  ground_brush.cpp
  gui.cpp
  house_brush.cpp
  house.cpp
  house_exit_brush.cpp
  iomap.cpp
  iomap_otbm.cpp
  iomap_sec.cpp
  Generating Code...
  Compiling...
  sec_format.cpp
  iominimap.cpp
  item_attributes.cpp
  item.cpp
  items.cpp
  light_drawer.cpp
  live_action.cpp
  live_client.cpp
  live_peer.cpp
  live_server.cpp
  live_socket.cpp
  live_tab.cpp
  main_menubar.cpp
  main_toolbar.cpp
  map.cpp
  map_display.cpp
  map_drawer.cpp
  map_region.cpp
  map_tab.cpp
  map_window.cpp
  Generating Code...
  Compiling...
  materials.cpp
  minimap_window.cpp
  mkpch.cpp
  mt_rand.cpp
  net_connection.cpp
  numbertextctrl.cpp
  old_properties_window.cpp
  palette_brushlist.cpp
  palette_common.cpp
  palette_creature.cpp
  palette_house.cpp
  palette_waypoints.cpp
  palette_window.cpp
  pngfiles.cpp
  preferences.cpp
  process_com.cpp
  properties_window.cpp
  raw_brush.cpp
  replace_items_window.cpp
  result_window.cpp
  Generating Code...
  Compiling...
  rme_net.cpp
  selection.cpp
  settings.cpp
  spawn_brush.cpp
  spawn.cpp
  table_brush.cpp
  templatemap76-74.cpp
  templatemap81.cpp
  templatemap854.cpp
  templatemapclassic.cpp
  tile.cpp
  tileset.cpp
  town.cpp
  updater.cpp
  wall_brush.cpp
  waypoint_brush.cpp
  waypoints.cpp
  welcome_dialog.cpp
  Generating Code...
